20-candle URL length: 7774
OK for Telegram (< 8000)? YES Γ£ô
POST body size: 4788 bytes

Testing QuickChart POST with 20 candles...
Status: 400 image/png
Error: ∩┐╜PNG

   
IHDR     /   Z9∩┐╜   bKGD ∩┐╜ ∩┐╜ ∩┐╜∩┐╜∩┐╜∩┐╜∩┐╜    IDATx∩┐╜∩┐╜{XU∩┐╜∩┐╜∩┐╜∩┐╜\DQ∩┐╜"∩┐╜∩┐╜∩┐╜W/Y`∩┐╜∩┐╜E*∩┐╜∩┐╜Z╟ú∩┐╜∩┐╜∩┐╜∩┐╜╘┤∩┐╜∩┐╜Y>Z*z,∩┐╜$H∩┐╜Z∩┐╜Q∩┐╜h∩┐╜∩┐╜∩┐╜∩┐╜∩┐╜D∩┐╜;∩┐╜∩┐╜∩┐╜∩┐╜∩┐╜a∩┐╜d_∩┐╜^k∩┐╜∩┐╜A∩┐╜∩┐╜yx∩┐╜k╬╣∩┐╜\c∩┐╜∩┐╜\{∩┐╜∩┐╜4#"∩┐╜0∩┐╜0∩┐╜0∩┐╜0∩┐╜∩┐╜Mm ∩┐╜0∩┐╜0∩┐╜0∩┐╜0MN 0∩┐╜0∩┐╜0∩┐╜0∩┐╜N 0∩┐╜0∩┐╜0∩┐╜0∩┐╜N 0∩┐╜0∩┐╜0∩┐╜0∩┐╜N 0∩┐╜0∩┐╜0∩┐╜0∩┐╜N 0∩┐╜0∩┐╜0∩┐╜0∩┐╜N 0∩┐╜0∩┐╜0∩┐╜0∩┐╜N 0∩┐╜0∩┐╜0∩┐╜0
